src/adminHandler.ts(965,45): error TS2345: Argument of type '"autoMode.defaultPrompt"' is not assignable to parameter of type '"template.constraint" | "template.progress.instruction" | "template.progress.status" | "template.progress.detail" | "prompt.instruction" | "prompt.output.constraint" | ... 535 more ... | "autoMode.diffSummary.noChanges"'.
src/autoModeController.ts(1005,65): error TS2554: Expected 1 arguments, but got 2.
src/slashCommands.ts(86,35): error TS2345: Argument of type '"command.auto.promptDesc"' is not assignable to parameter of type '"template.constraint" | "template.progress.instruction" | "template.progress.status" | "template.progress.detail" | "prompt.instruction" | "prompt.output.constraint" | ... 535 more ... | "autoMode.diffSummary.noChanges"'.
src/slashCommands.ts(93,27): error TS2345: Argument of type '"command.autoConfig.desc"' is not assignable to parameter of type '"template.constraint" | "template.progress.instruction" | "template.progress.status" | "template.progress.detail" | "prompt.instruction" | "prompt.output.constraint" | ... 535 more ... | "autoMode.diffSummary.noChanges"'.
